../Core/Src/main.c:137:6:microDelay	16	static
../Core/Src/main.c:143:9:DHT11_Start	32	static
../Core/Src/main.c:175:9:DHT11_Read	16	static
../Core/Src/main.c:203:6:HAL_UART_RxCpltCallback	16	static
../Core/Src/main.c:209:6:Title	24	static
../Core/Src/main.c:224:6:DisplayWeather	104	static
../Core/Src/main.c:666:6:ReturnBack	16	static
../Core/Src/main.c:684:5:main	8	static
../Core/Src/main.c:744:6:SystemClock_Config	88	static
../Core/Src/main.c:791:13:MX_RTC_Init	16	static
../Core/Src/main.c:849:13:MX_SPI1_Init	8	static
../Core/Src/main.c:887:13:MX_SPI2_Init	8	static
../Core/Src/main.c:925:13:MX_TIM1_Init	32	static
../Core/Src/main.c:971:13:MX_USART1_UART_Init	8	static
../Core/Src/main.c:1002:13:MX_DMA_Init	16	static
../Core/Src/main.c:1020:13:MX_GPIO_Init	40	static
../Core/Src/main.c:1069:6:Error_Handler	4	static,ignoring_inline_asm
