../Core/Src/z_flash_W25QXXX.c:51:6:Flash_Select	8	static
../Core/Src/z_flash_W25QXXX.c:63:6:Flash_UnSelect	8	static
../Core/Src/z_flash_W25QXXX.c:73:6:Flash_Receive	16	static
../Core/Src/z_flash_W25QXXX.c:85:6:Flash_Polling_Transmit	16	static
../Core/Src/z_flash_W25QXXX.c:100:6:Flash_Transmit	16	static
../Core/Src/z_flash_W25QXXX.c:115:9:Flash_ReadSR	16	static
../Core/Src/z_flash_W25QXXX.c:131:6:Flash_WaitForWritingComplete	16	static
../Core/Src/z_flash_W25QXXX.c:156:6:Flash_Read	32	static
../Core/Src/z_flash_W25QXXX.c:195:6:Flash_SimpleWriteAPage	32	static
../Core/Src/z_flash_W25QXXX.c:222:6:Flash_Write	40	static
../Core/Src/z_flash_W25QXXX.c:276:6:Flash_SErase4k	24	static
../Core/Src/z_flash_W25QXXX.c:304:6:Flash_BErase32k	24	static
../Core/Src/z_flash_W25QXXX.c:322:6:Flash_WriteEnable	16	static
../Core/Src/z_flash_W25QXXX.c:340:6:Flash_BErase64k	24	static
../Core/Src/z_flash_W25QXXX.c:366:6:Flash_ChipErase	16	static
../Core/Src/z_flash_W25QXXX.c:389:6:Flash_PowerDown	16	static
../Core/Src/z_flash_W25QXXX.c:407:6:Flash_PowerUp	16	static
../Core/Src/z_flash_W25QXXX.c:423:6:Flash_ResetSR1	16	static
../Core/Src/z_flash_W25QXXX.c:453:9:Flash_ReadDevID	16	static
../Core/Src/z_flash_W25QXXX.c:472:10:Flash_ReadManufactutrerAndDevID	16	static
../Core/Src/z_flash_W25QXXX.c:503:10:Flash_ReadJedecID	24	static
../Core/Src/z_flash_W25QXXX.c:523:6:Flash_ReadSFDP	24	static
../Core/Src/z_flash_W25QXXX.c:546:9:Flash_TestAvailability	272	static
../Core/Src/z_flash_W25QXXX.c:570:9:Flash_Init	24	static
../Core/Src/z_flash_W25QXXX.c:591:6:Flash_Reset	16	static
../Core/Src/z_flash_W25QXXX.c:610:6:DataReader_WaitForReceiveDone	4	static
../Core/Src/z_flash_W25QXXX.c:615:6:DataReader_ReadData	24	static
../Core/Src/z_flash_W25QXXX.c:620:6:DataReader_StartDMAReadData	24	static
